2026-02-22 21:04:08,014 [INFO] PRIMA Trading Bot started (paper mode). Watchlist: ['RELIANCE', 'TCS', 'INFY', 'HDFCBANK', 'ICICIBANK']
2026-02-22 21:19:56,001 [ERROR] Error in main loop: HTTPSConnectionPool(host='api.kite.trade', port=443): Read timed out. (read timeout=7)
Traceback (most recent call last):
  File "C:\Users\ADMIN\MMBOT\PRIMA_trading_bot\venv\Lib\site-packages\urllib3\connectionpool.py", line 534, in _make_request
    response = conn.getresponse()
  File "C:\Users\ADMIN\MMBOT\PRIMA_trading_bot\venv\Lib\site-packages\urllib3\connection.py", line 571, in getresponse
    httplib_response = super().getresponse()
  File "C:\Users\ADMIN\AppData\Local\Python\pythoncore-3.14-64\Lib\http\client.py", line 1450, in getresponse
    response.begin()
    ~~~~~~~~~~~~~~^^
  File "C:\Users\ADMIN\AppData\Local\Python\pythoncore-3.14-64\Lib\http\client.py", line 336, in begin
    version, status, reason = self._read_status()
                              ~~~~~~~~~~~~~~~~~^^
  File "C:\Users\ADMIN\AppData\Local\Python\pythoncore-3.14-64\Lib\http\client.py", line 297, in _read_status
    line = str(self.fp.readline(_MAXLINE + 1), "iso-8859-1")
               ~~~~~~~~~~~~~~~~^^^^^^^^^^^^^^
  File "C:\Users\ADMIN\AppData\Local\Python\pythoncore-3.14-64\Lib\socket.py", line 725, in readinto
    return self._sock.recv_into(b)
           ~~~~~~~~~~~~~~~~~~~~^^^
  File "C:\Users\ADMIN\AppData\Local\Python\pythoncore-3.14-64\Lib\ssl.py", line 1304, in recv_into
    return self.read(nbytes, buffer)
           ~~~~~~~~~^^^^^^^^^^^^^^^^
  File "C:\Users\ADMIN\AppData\Local\Python\pythoncore-3.14-64\Lib\ssl.py", line 1138, in read
    return self._sslobj.read(len, buffer)
           ~~~~~~~~~~~~~~~~~^^^^^^^^^^^^^
TimeoutError: The read operation timed out

The above exception was the direct cause of the following exception:

Traceback (most recent call last):
  File "C:\Users\ADMIN\MMBOT\PRIMA_trading_bot\venv\Lib\site-packages\requests\adapters.py", line 644, in send
    resp = conn.urlopen(
        method=request.method,
    ...<9 lines>...
        chunked=chunked,
    )
  File "C:\Users\ADMIN\MMBOT\PRIMA_trading_bot\venv\Lib\site-packages\urllib3\connectionpool.py", line 841, in urlopen
    retries = retries.increment(
        method, url, error=new_e, _pool=self, _stacktrace=sys.exc_info()[2]
    )
  File "C:\Users\ADMIN\MMBOT\PRIMA_trading_bot\venv\Lib\site-packages\urllib3\util\retry.py", line 490, in increment
    raise reraise(type(error), error, _stacktrace)
          ~~~~~~~^^^^^^^^^^^^^^^^^^^^^^^^^^^^^^^^^
  File "C:\Users\ADMIN\MMBOT\PRIMA_trading_bot\venv\Lib\site-packages\urllib3\util\util.py", line 39, in reraise
    raise value
  File "C:\Users\ADMIN\MMBOT\PRIMA_trading_bot\venv\Lib\site-packages\urllib3\connectionpool.py", line 787, in urlopen
    response = self._make_request(
        conn,
    ...<10 lines>...
        **response_kw,
    )
  File "C:\Users\ADMIN\MMBOT\PRIMA_trading_bot\venv\Lib\site-packages\urllib3\connectionpool.py", line 536, in _make_request
    self._raise_timeout(err=e, url=url, timeout_value=read_timeout)
    ~~~~~~~~~~~~~~~~~~~^^^^^^^^^^^^^^^^^^^^^^^^^^^^^^^^^^^^^^^^^^^^
  File "C:\Users\ADMIN\MMBOT\PRIMA_trading_bot\venv\Lib\site-packages\urllib3\connectionpool.py", line 367, in _raise_timeout
    raise ReadTimeoutError(
        self, url, f"Read timed out. (read timeout={timeout_value})"
    ) from err
urllib3.exceptions.ReadTimeoutError: HTTPSConnectionPool(host='api.kite.trade', port=443): Read timed out. (read timeout=7)

During handling of the above exception, another exception occurred:

Traceback (most recent call last):
  File "C:\Users\ADMIN\MMBOT\PRIMA_trading_bot\main.py", line 62, in main
    ltp_data = kite.ltp([f"NSE:{s}" for s in settings.DEFAULT_WATCHLIST])
  File "C:\Users\ADMIN\MMBOT\PRIMA_trading_bot\venv\Lib\site-packages\kiteconnect\connect.py", line 611, in ltp
    return self._get("market.quote.ltp", params={"i": ins})
           ~~~~~~~~~^^^^^^^^^^^^^^^^^^^^^^^^^^^^^^^^^^^^^^^
  File "C:\Users\ADMIN\MMBOT\PRIMA_trading_bot\venv\Lib\site-packages\kiteconnect\connect.py", line 861, in _get
    return self._request(route, "GET", url_args=url_args, params=params, is_json=is_json)
           ~~~~~~~~~~~~~^^^^^^^^^^^^^^^^^^^^^^^^^^^^^^^^^^^^^^^^^^^^^^^^^^^^^^^^^^^^^^^^^
  File "C:\Users\ADMIN\MMBOT\PRIMA_trading_bot\venv\Lib\site-packages\kiteconnect\connect.py", line 916, in _request
    raise e
  File "C:\Users\ADMIN\MMBOT\PRIMA_trading_bot\venv\Lib\site-packages\kiteconnect\connect.py", line 904, in _request
    r = self.reqsession.request(method,
                                url,
    ...<6 lines>...
                                timeout=self.timeout,
                                proxies=self.proxies)
  File "C:\Users\ADMIN\MMBOT\PRIMA_trading_bot\venv\Lib\site-packages\requests\sessions.py", line 589, in request
    resp = self.send(prep, **send_kwargs)
  File "C:\Users\ADMIN\MMBOT\PRIMA_trading_bot\venv\Lib\site-packages\requests\sessions.py", line 703, in send
    r = adapter.send(request, **kwargs)
  File "C:\Users\ADMIN\MMBOT\PRIMA_trading_bot\venv\Lib\site-packages\requests\adapters.py", line 690, in send
    raise ReadTimeout(e, request=request)
requests.exceptions.ReadTimeout: HTTPSConnectionPool(host='api.kite.trade', port=443): Read timed out. (read timeout=7)
